// Jest Snapshot v1, https://goo.gl/fbAQLP

exports[`Pruebas en el registerScreen Debe de hacer match con el snapshot 1`] = `
<div>
  <h3
    className="auth__title"
  >
     Register 
  </h3>
  <form
    onSubmit={[Function]}
  >
    <input
      autoComplete="off"
      className="auth__input"
      name="nameUser"
      onChange={[Function]}
      placeholder="Name"
      type="text"
      value="Juan"
    />
    <input
      autoComplete="off"
      className="auth__input"
      name="email"
      onChange={[Function]}
      placeholder="Email"
      type="text"
      value="josejuanpatron1630@gmail.com"
    />
    <input
      autoComplete="off"
      className="auth__input"
      name="password"
      onChange={[Function]}
      placeholder="Password"
      type="password"
      value="123456"
    />
    <input
      autoComplete="off"
      className="auth__input"
      name="password2"
      onChange={[Function]}
      placeholder="Password confirm"
      type="password"
      value="123456"
    />
    <button
      className="btn btn-primary btn-block mb-5"
      type="submit"
    >
      Register
    </button>
    Already register
    <a
      className="link"
      href="/auth/register"
      onClick={[Function]}
    />
  </form>
</div>
`;
